[    1353ms] [LOG] Sentry initialized for frontend @ http://localhost:5173/node_modules/.vite/deps/@sentry_react.js?v=ce6f919d:7813
[    1365ms] [INFO] %cDownload the React DevTools for a better development experience: https://reactjs.org/link/react-devtools font-weight:bold @ http://localhost:5173/node_modules/.vite/deps/@sentry_react.js?v=ce6f919d:7813
[    1371ms] [INFO] Environment mocked @ http://localhost:5173/node_modules/.vite/deps/@sentry_react.js?v=ce6f919d:7813
[   14987ms] Error: Sentry Frontend Test Error
    at onClick (http://localhost:5173/src/App.tsx:97:23)
    at HTMLUnknownElement.callCallback2 (http://localhost:5173/node_modules/.vite/deps/chunk-BCXODTBQ.js?v=2a481c4b:3672:22)
    at HTMLUnknownElement.sentryWrapped (http://localhost:5173/node_modules/.vite/deps/@sentry_react.js?v=ce6f919d:14978:17)
    at Object.invokeGuardedCallbackDev (http://localhost:5173/node_modules/.vite/deps/chunk-BCXODTBQ.js?v=2a481c4b:3697:24)
    at invokeGuardedCallback (http://localhost:5173/node_modules/.vite/deps/chunk-BCXODTBQ.js?v=2a481c4b:3731:39)
    at invokeGuardedCallbackAndCatchFirstError (http://localhost:5173/node_modules/.vite/deps/chunk-BCXODTBQ.js?v=2a481c4b:3734:33)
    at executeDispatch (http://localhost:5173/node_modules/.vite/deps/chunk-BCXODTBQ.js?v=2a481c4b:7012:11)
    at processDispatchQueueItemsInOrder (http://localhost:5173/node_modules/.vite/deps/chunk-BCXODTBQ.js?v=2a481c4b:7032:15)
    at processDispatchQueue (http://localhost:5173/node_modules/.vite/deps/chunk-BCXODTBQ.js?v=2a481c4b:7041:13)
    at dispatchEventsForPlugins (http://localhost:5173/node_modules/.vite/deps/chunk-BCXODTBQ.js?v=2a481c4b:7049:11)
    at http://localhost:5173/node_modules/.vite/deps/chunk-BCXODTBQ.js?v=2a481c4b:7172:20
    at batchedUpdates$1 (http://localhost:5173/node_modules/.vite/deps/chunk-BCXODTBQ.js?v=2a481c4b:18911:20)
    at batchedUpdates (http://localhost:5173/node_modules/.vite/deps/chunk-BCXODTBQ.js?v=2a481c4b:3577:20)
    at dispatchEventForPluginEventSystem (http://localhost:5173/node_modules/.vite/deps/chunk-BCXODTBQ.js?v=2a481c4b:7171:11)
    at dispatchEventWithEnableCapturePhaseSelectiveHydrationWithoutDiscreteEventReplay (http://localhost:5173/node_modules/.vite/deps/chunk-BCXODTBQ.js?v=2a481c4b:5476:13)
    at dispatchEvent (http://localhost:5173/node_modules/.vite/deps/chunk-BCXODTBQ.js?v=2a481c4b:5470:13)
    at dispatchDiscreteEvent (http://localhost:5173/node_modules/.vite/deps/chunk-BCXODTBQ.js?v=2a481c4b:5447:13)
    at HTMLDivElement.sentryWrapped (http://localhost:5173/node_modules/.vite/deps/@sentry_react.js?v=ce6f919d:14978:17)
[   14988ms] Error: Sentry Frontend Test Error
    at onClick (http://localhost:5173/src/App.tsx:97:23)
    at HTMLUnknownElement.callCallback2 (http://localhost:5173/node_modules/.vite/deps/chunk-BCXODTBQ.js?v=2a481c4b:3672:22)
    at HTMLUnknownElement.sentryWrapped (http://localhost:5173/node_modules/.vite/deps/@sentry_react.js?v=ce6f919d:14978:17)
    at Object.invokeGuardedCallbackDev (http://localhost:5173/node_modules/.vite/deps/chunk-BCXODTBQ.js?v=2a481c4b:3697:24)
    at invokeGuardedCallback (http://localhost:5173/node_modules/.vite/deps/chunk-BCXODTBQ.js?v=2a481c4b:3731:39)
    at invokeGuardedCallbackAndCatchFirstError (http://localhost:5173/node_modules/.vite/deps/chunk-BCXODTBQ.js?v=2a481c4b:3734:33)
    at executeDispatch (http://localhost:5173/node_modules/.vite/deps/chunk-BCXODTBQ.js?v=2a481c4b:7012:11)
    at processDispatchQueueItemsInOrder (http://localhost:5173/node_modules/.vite/deps/chunk-BCXODTBQ.js?v=2a481c4b:7032:15)
    at processDispatchQueue (http://localhost:5173/node_modules/.vite/deps/chunk-BCXODTBQ.js?v=2a481c4b:7041:13)
    at dispatchEventsForPlugins (http://localhost:5173/node_modules/.vite/deps/chunk-BCXODTBQ.js?v=2a481c4b:7049:11)
    at http://localhost:5173/node_modules/.vite/deps/chunk-BCXODTBQ.js?v=2a481c4b:7172:20
    at batchedUpdates$1 (http://localhost:5173/node_modules/.vite/deps/chunk-BCXODTBQ.js?v=2a481c4b:18911:20)
    at batchedUpdates (http://localhost:5173/node_modules/.vite/deps/chunk-BCXODTBQ.js?v=2a481c4b:3577:20)
    at dispatchEventForPluginEventSystem (http://localhost:5173/node_modules/.vite/deps/chunk-BCXODTBQ.js?v=2a481c4b:7171:11)
    at dispatchEventWithEnableCapturePhaseSelectiveHydrationWithoutDiscreteEventReplay (http://localhost:5173/node_modules/.vite/deps/chunk-BCXODTBQ.js?v=2a481c4b:5476:13)
    at dispatchEvent (http://localhost:5173/node_modules/.vite/deps/chunk-BCXODTBQ.js?v=2a481c4b:5470:13)
    at dispatchDiscreteEvent (http://localhost:5173/node_modules/.vite/deps/chunk-BCXODTBQ.js?v=2a481c4b:5447:13)
    at HTMLDivElement.sentryWrapped (http://localhost:5173/node_modules/.vite/deps/@sentry_react.js?v=ce6f919d:14978:17)
